// Jest Snapshot v1, https://goo.gl/fbAQLP

exports[`renders the add repair form 1`] = `
<form
  onSubmit={[Function]}
>
  <RepairForm
    closingHour={17}
    onChange={[Function]}
    openingHour={8}
    repair={
      Object {
        "datetime": "2017-09-20T19:00:00.000Z",
      }
    }
  />
  <button
    onClick={[Function]}
  >
    Cancel
  </button>
  <button>
    Create
  </button>
</form>
`;
