// Jest Snapshot v1, https://goo.gl/fbAQLP

exports[`renders a navbar 1`] = `
<div>
  Oh hi 
  test@test.com
</div>
`;
